[    0.000000] Linux version 4.15.0-51-generic (buildd@lgw01-amd64-059) (gcc version 7.3.0 (Ubuntu 7.3.0-16ubuntu3)) #55-Ubuntu SMP Wed May 15 14:27:21 UTC 2019 (Ubuntu 4.15.0-51.55-generic 4.15.18)
[    0.000000] Command line: BOOT_IMAGE=/boot/vmlinuz-4.15.0-51-generic root=LABEL=cloudimg-rootfs ro console=tty1 console=ttyS0
[    0.000000] KERNEL supported cpus:
[    0.000000]   Intel GenuineIntel
[    0.000000]   AMD AuthenticAMD
[    0.000000]   Centaur CentaurHauls
[    0.000000] x86/fpu: Supporting XSAVE feature 0x001: 'x87 floating point registers'
[    0.000000] x86/fpu: Supporting XSAVE feature 0x002: 'SSE registers'
[    0.000000] x86/fpu: Supporting XSAVE feature 0x004: 'AVX registers'
[    0.000000] x86/fpu: xstate_offset[2]:  576, xstate_sizes[2]:  256
[    0.000000] x86/fpu: Enabled xstate features 0x7, context size is 832 bytes, using 'standard' format.
[    0.000000] e820: BIOS-provided physical RAM map:
[    0.000000] BIOS-e820: [mem 0x0000000000000000-0x000000000009fbff] usable
[    0.000000] BIOS-e820: [mem 0x000000000009fc00-0x000000000009ffff] reserved
[    0.000000] BIOS-e820: [mem 0x00000000000f0000-0x00000000000fffff] reserved
[    0.000000] BIOS-e820: [mem 0x0000000000100000-0x000000003ffeffff] usable
[    0.000000] BIOS-e820: [mem 0x000000003fff0000-0x000000003fffffff] ACPI data
[    0.000000] BIOS-e820: [mem 0x00000000fec00000-0x00000000fec00fff] reserved
[    0.000000] BIOS-e820: [mem 0x00000000fee00000-0x00000000fee00fff] reserved
[    0.000000] BIOS-e820: [mem 0x00000000fffc0000-0x00000000ffffffff] reserved
[    0.000000] NX (Execute Disable) protection: active
[    0.000000] SMBIOS 2.5 present.
[    0.000000] DMI: innotek GmbH VirtualBox/VirtualBox, BIOS VirtualBox 12/01/2006
[    0.000000] Hypervisor detected: KVM
[    0.000000] e820: last_pfn = 0x3fff0 max_arch_pfn = 0x400000000
[    0.000000] MTRR: Disabled
[    0.000000] x86/PAT: MTRRs disabled, skipping PAT initialization too.
[    0.000000] CPU MTRRs all blank - virtualized system.
[    0.000000] x86/PAT: Configuration [0-7]: WB  WT  UC- UC  WB  WT  UC- UC  
[    0.000000] found SMP MP-table at [mem 0x0009fff0-0x0009ffff] mapped at [        (ptrval)]
[    0.000000] Scanning 1 areas for low memory corruption
[    0.000000] RAMDISK: [mem 0x35a95000-0x36d41fff]
[    0.000000] ACPI: Early table checksum verification disabled
[    0.000000] ACPI: RSDP 0x00000000000E0000 000024 (v02 VBOX  )
[    0.000000] ACPI: XSDT 0x000000003FFF0030 00003C (v01 VBOX   VBOXXSDT 00000001 ASL  00000061)
[    0.000000] ACPI: FACP 0x000000003FFF00F0 0000F4 (v04 VBOX   VBOXFACP 00000001 ASL  00000061)
[    0.000000] ACPI: DSDT 0x000000003FFF0470 0021FF (v02 VBOX   VBOXBIOS 00000002 INTL 20180105)
[    0.000000] ACPI: FACS 0x000000003FFF0200 000040
[    0.000000] ACPI: FACS 0x000000003FFF0200 000040
[    0.000000] ACPI: APIC 0x000000003FFF0240 000054 (v02 VBOX   VBOXAPIC 00000001 ASL  00000061)
[    0.000000] ACPI: SSDT 0x000000003FFF02A0 0001CC (v01 VBOX   VBOXCPUT 00000002 INTL 20180105)
[    0.000000] No NUMA configuration found
[    0.000000] Faking a node at [mem 0x0000000000000000-0x000000003ffeffff]
[    0.000000] NODE_DATA(0) allocated [mem 0x3ffc5000-0x3ffeffff]
[    0.000000] kvm-clock: cpu 0, msr 0:3ff44001, primary cpu clock
[    0.000000] kvm-clock: Using msrs 4b564d01 and 4b564d00
[    0.000000] kvm-clock: using sched offset of 3333460239 cycles
[    0.000000] clocksource: kvm-clock: mask: 0xffffffffffffffff max_cycles: 0x1cd42e4dffb, max_idle_ns: 881590591483 ns
[    0.000000] Zone ranges:
[    0.000000]   DMA      [mem 0x0000000000001000-0x0000000000ffffff]
[    0.000000]   DMA32    [mem 0x0000000001000000-0x000000003ffeffff]
[    0.000000]   Normal   empty
[    0.000000]   Device   empty
[    0.000000] Movable zone start for each node
[    0.000000] Early memory node ranges
[    0.000000]   node   0: [mem 0x0000000000001000-0x000000000009efff]
[    0.000000]   node   0: [mem 0x0000000000100000-0x000000003ffeffff]
[    0.000000] Reserved but unavailable: 114 pages
[    0.000000] Initmem setup node 0 [mem 0x0000000000001000-0x000000003ffeffff]
[    0.000000] ACPI: PM-Timer IO Port: 0x4008
[    0.000000] IOAPIC[0]: apic_id 1, version 32, address 0xfec00000, GSI 0-23
[    0.000000] ACPI: INT_SRC_OVR (bus 0 bus_irq 0 global_irq 2 dfl dfl)
[    0.000000] ACPI: INT_SRC_OVR (bus 0 bus_irq 9 global_irq 9 low level)
[    0.000000] Using ACPI (MADT) for SMP configuration information
[    0.000000] smpboot: Allowing 1 CPUs, 0 hotplug CPUs
[    0.000000] PM: Registered nosave memory: [mem 0x00000000-0x00000fff]
[    0.000000] PM: Registered nosave memory: [mem 0x0009f000-0x0009ffff]
[    0.000000] PM: Registered nosave memory: [mem 0x000a0000-0x000effff]
[    0.000000] PM: Registered nosave memory: [mem 0x000f0000-0x000fffff]
[    0.000000] e820: [mem 0x40000000-0xfebfffff] available for PCI devices
[    0.000000] Booting paravirtualized kernel on KVM
[    0.000000] clocksource: refined-jiffies: mask: 0xffffffff max_cycles: 0xffffffff, max_idle_ns: 7645519600211568 ns
[    0.000000] random: get_random_bytes called from start_kernel+0x99/0x4fd with crng_init=0
[    0.000000] setup_percpu: NR_CPUS:8192 nr_cpumask_bits:1 nr_cpu_ids:1 nr_node_ids:1
[    0.000000] percpu: Embedded 46 pages/cpu @        (ptrval) s151552 r8192 d28672 u2097152
[    0.000000] PV qspinlock hash table entries: 256 (order: 0, 4096 bytes)
[    0.000000] Built 1 zonelists, mobility grouping on.  Total pages: 257913
[    0.000000] Policy zone: DMA32
[    0.000000] Kernel command line: BOOT_IMAGE=/boot/vmlinuz-4.15.0-51-generic root=LABEL=cloudimg-rootfs ro console=tty1 console=ttyS0
[    0.000000] Memory: 983644K/1048120K available (12300K kernel code, 2473K rwdata, 4272K rodata, 2408K init, 2416K bss, 64476K reserved, 0K cma-reserved)
[    0.000000] SLUB: HWalign=64, Order=0-3, MinObjects=0, CPUs=1, Nodes=1
[    0.000000] Kernel/User page tables isolation: enabled
[    0.000000] ftrace: allocating 39215 entries in 154 pages
[    0.004000] Hierarchical RCU implementation.
[    0.004000] 	RCU restricting CPUs from NR_CPUS=8192 to nr_cpu_ids=1.
[    0.004000] 	Tasks RCU enabled.
[    0.004000] RCU: Adjusting geometry for rcu_fanout_leaf=16, nr_cpu_ids=1
[    0.004000] NR_IRQS: 524544, nr_irqs: 256, preallocated irqs: 16
[    0.004000] Console: colour VGA+ 80x25
[    0.004000] console [tty1] enabled
[    0.004000] console [ttyS0] enabled
[    0.004000] ACPI: Core revision 20170831
[    0.004000] ACPI: 2 ACPI AML tables successfully acquired and loaded
[    0.004000] APIC: Switch to symmetric I/O mode setup
[    0.004000] x2apic enabled
[    0.004000] Switched APIC routing to physical x2apic.
[    0.004000] ..TIMER: vector=0x30 apic1=0 pin1=2 apic2=-1 pin2=-1
[    0.004005] tsc: Detected 2399.136 MHz processor
[    0.004734] Calibrating delay loop (skipped) preset value.. 4798.27 BogoMIPS (lpj=9596544)
[    0.005280] pid_max: default: 32768 minimum: 301
[    0.006040] Security Framework initialized
[    0.006707] Yama: becoming mindful.
[    0.008023] AppArmor: AppArmor initialized
[    0.009279] Dentry cache hash table entries: 131072 (order: 8, 1048576 bytes)
[    0.010469] Inode-cache hash table entries: 65536 (order: 7, 524288 bytes)
[    0.011527] Mount-cache hash table entries: 2048 (order: 2, 16384 bytes)
[    0.012005] Mountpoint-cache hash table entries: 2048 (order: 2, 16384 bytes)
[    0.013323] mce: CPU supports 0 MCE banks
[    0.013988] process: using mwait in idle threads
[    0.014740] Last level iTLB entries: 4KB 64, 2MB 8, 4MB 8
[    0.016002] Last level dTLB entries: 4KB 64, 2MB 0, 4MB 0, 1GB 4
[    0.016920] Spectre V2 : Mitigation: Full generic retpoline
[    0.017777] Spectre V2 : Spectre v2 / SpectreRSB mitigation: Filling RSB on context switch
[    0.019053] Speculative Store Bypass: Vulnerable
[    0.020056] MDS: Vulnerable: Clear CPU buffers attempted, no microcode
[    0.036619] Freeing SMP alternatives memory: 36K
[    0.048000] smpboot: CPU0: Intel(R) Core(TM) i5-6200U CPU @ 2.30GHz (family: 0x6, model: 0x4e, stepping: 0x3)
[    0.048082] Performance Events: unsupported p6 CPU model 78 no PMU driver, software events only.
[    0.052036] Hierarchical SRCU implementation.
[    0.053522] NMI watchdog: Perf event create on CPU 0 failed with -2
[    0.056002] NMI watchdog: Perf NMI watchdog permanently disabled
[    0.060050] smp: Bringing up secondary CPUs ...
[    0.060972] smp: Brought up 1 node, 1 CPU
[    0.064003] smpboot: Max logical packages: 1
[    0.064798] smpboot: Total of 1 processors activated (4798.27 BogoMIPS)
[    0.066118] devtmpfs: initialized
[    0.066864] x86/mm: Memory block size: 128MB
[    0.068139] evm: security.selinux
[    0.068825] evm: security.SMACK64
[    0.069465] evm: security.SMACK64EXEC
[    0.070163] evm: security.SMACK64TRANSMUTE
[    0.070969] evm: security.SMACK64MMAP
[    0.072004] evm: security.apparmor
[    0.072704] evm: security.ima
[    0.076002] evm: security.capability
[    0.076819] clocksource: jiffies: mask: 0xffffffff max_cycles: 0xffffffff, max_idle_ns: 7645041785100000 ns
[    0.078559] futex hash table entries: 256 (order: 2, 16384 bytes)
[    0.079748] pinctrl core: initialized pinctrl subsystem
[    0.080096] RTC time:  8:48:05, date: 06/14/19
[    0.081012] NET: Registered protocol family 16
[    0.081907] audit: initializing netlink subsys (disabled)
[    0.083047] cpuidle: using governor ladder
[    0.084003] cpuidle: using governor menu
[    0.084774] ACPI: bus type PCI registered
[    0.085530] acpiphp: ACPI Hot Plug PCI Controller Driver version: 0.5
[    0.086793] PCI: Using configuration type 1 for base access
[    0.088023] audit: type=2000 audit(1560502090.366:1): state=initialized audit_enabled=0 res=1
[    0.090623] HugeTLB registered 2.00 MiB page size, pre-allocated 0 pages
[    0.092686] ACPI: Added _OSI(Module Device)
[    0.093501] ACPI: Added _OSI(Processor Device)
[    0.094401] ACPI: Added _OSI(3.0 _SCP Extensions)
[    0.095308] ACPI: Added _OSI(Processor Aggregator Device)
[    0.096013] ACPI: Added _OSI(Linux-Dell-Video)
[    0.096838] ACPI: Added _OSI(Linux-Lenovo-NV-HDMI-Audio)
[    0.097802] ACPI: Added _OSI(Linux-HPI-Hybrid-Graphics)
[    0.099062] ACPI: Executed 1 blocks of module-level executable AML code
[    0.104426] ACPI: Interpreter enabled
[    0.105145] ACPI: (supports S0 S5)
[    0.105802] ACPI: Using IOAPIC for interrupt routing
[    0.106936] PCI: Using host bridge windows from ACPI; if necessary, use "pci=nocrs" and report a bug
[    0.108150] ACPI: Enabled 2 GPEs in block 00 to 07
[    0.114978] ACPI: PCI Root Bridge [PCI0] (domain 0000 [bus 00-ff])
[    0.116008] acpi PNP0A03:00: _OSC: OS supports [ASPM ClockPM Segments MSI]
[    0.117300] acpi PNP0A03:00: _OSC: not requesting OS control; OS requires [ExtendedConfig ASPM ClockPM MSI]
[    0.119091] acpi PNP0A03:00: fail to add MMCONFIG information, can't access extended PCI configuration space under this bridge.
[    0.120314] PCI host bridge to bus 0000:00
[    0.121126] pci_bus 0000:00: root bus resource [io  0x0000-0x0cf7 window]
[    0.124003] pci_bus 0000:00: root bus resource [io  0x0d00-0xffff window]
[    0.125202] pci_bus 0000:00: root bus resource [mem 0x000a0000-0x000bffff window]
[    0.126611] pci_bus 0000:00: root bus resource [mem 0x40000000-0xfdffffff window]
[    0.128003] pci_bus 0000:00: root bus resource [bus 00-ff]
[    0.130743] pci 0000:00:01.1: legacy IDE quirk: reg 0x10: [io  0x01f0-0x01f7]
[    0.132003] pci 0000:00:01.1: legacy IDE quirk: reg 0x14: [io  0x03f6]
[    0.133266] pci 0000:00:01.1: legacy IDE quirk: reg 0x18: [io  0x0170-0x0177]
[    0.136005] pci 0000:00:01.1: legacy IDE quirk: reg 0x1c: [io  0x0376]
[    0.153093] pci 0000:00:07.0: quirk: [io  0x4000-0x403f] claimed by PIIX4 ACPI
[    0.154597] pci 0000:00:07.0: quirk: [io  0x4100-0x410f] claimed by PIIX4 SMB
[    0.167163] ACPI: PCI Interrupt Link [LNKA] (IRQs 5 9 10 *11)
[    0.168364] ACPI: PCI Interrupt Link [LNKB] (IRQs 5 9 *10 11)
[    0.169522] ACPI: PCI Interrupt Link [LNKC] (IRQs 5 *9 10 11)
[    0.170703] ACPI: PCI Interrupt Link [LNKD] (IRQs 5 9 10 *11)
[    0.172384] SCSI subsystem initialized
[    0.173301] pci 0000:00:02.0: vgaarb: setting as boot VGA device
[    0.176000] pci 0000:00:02.0: vgaarb: VGA device added: decodes=io+mem,owns=io+mem,locks=none
[    0.176004] pci 0000:00:02.0: vgaarb: bridge control possible
[    0.180001] vgaarb: loaded
[    0.180567] ACPI: bus type USB registered
[    0.181342] usbcore: registered new interface driver usbfs
[    0.182380] usbcore: registered new interface driver hub
[    0.184012] usbcore: registered new device driver usb
[    0.185179] EDAC MC: Ver: 3.0.0
[    0.186206] PCI: Using ACPI for IRQ routing
[    0.187356] NetLabel: Initializing
[    0.188004] NetLabel:  domain hash size = 128
[    0.188814] NetLabel:  protocols = UNLABELED CIPSOv4 CALIPSO
[    0.189850] NetLabel:  unlabeled traffic allowed by default
[    0.191068] clocksource: Switched to clocksource kvm-clock
[    0.199578] VFS: Disk quotas dquot_6.6.0
[    0.200456] VFS: Dquot-cache hash table entries: 512 (order 0, 4096 bytes)
[    0.201805] AppArmor: AppArmor Filesystem Enabled
[    0.202701] pnp: PnP ACPI init
[    0.204292] pnp: PnP ACPI: found 3 devices
[    0.211908] clocksource: acpi_pm: mask: 0xffffff max_cycles: 0xffffff, max_idle_ns: 2085701024 ns
[    0.231916] NET: Registered protocol family 2
[    0.233032] TCP established hash table entries: 8192 (order: 4, 65536 bytes)
[    0.234357] TCP bind hash table entries: 8192 (order: 5, 131072 bytes)
[    0.235535] TCP: Hash tables configured (established 8192 bind 8192)
[    0.237236] UDP hash table entries: 512 (order: 2, 16384 bytes)
[    0.238328] UDP-Lite hash table entries: 512 (order: 2, 16384 bytes)
[    0.239500] NET: Registered protocol family 1
[    0.240407] pci 0000:00:00.0: Limiting direct PCI/PCI transfers
[    0.241535] pci 0000:00:01.0: Activating ISA DMA hang workarounds
[    0.242661] pci 0000:00:02.0: Video device with shadowed ROM at [mem 0x000c0000-0x000dffff]
[    0.244322] Unpacking initramfs...
[    0.528451] Freeing initrd memory: 19124K
[    0.531983] clocksource: tsc: mask: 0xffffffffffffffff max_cycles: 0x22950766516, max_idle_ns: 440795283797 ns
[    0.533862] platform rtc_cmos: registered platform RTC device (no PNP device found)
[    0.535333] Scanning for low memory corruption every 60 seconds
[    0.537035] Initialise system trusted keyrings
[    0.537892] Key type blacklist registered
[    0.538698] workingset: timestamp_bits=36 max_order=18 bucket_order=0
[    0.540851] zbud: loaded
[    0.541909] squashfs: version 4.0 (2009/01/31) Phillip Lougher
[    0.543075] fuse init (API version 7.26)
[    0.544581] Key type asymmetric registered
[    0.545359] Asymmetric key parser 'x509' registered
[    0.546274] Block layer SCSI generic (bsg) driver version 0.4 loaded (major 246)
[    0.547646] io scheduler noop registered
[    0.571606] io scheduler deadline registered
[    0.572512] io scheduler cfq registered (default)
[    0.573597] ACPI: AC Adapter [AC] (on-line)
[    0.574438] input: Power Button as /devices/LNXSYSTM:00/LNXPWRBN:00/input/input0
[    0.575806] ACPI: Power Button [PWRF]
[    0.576667] input: Sleep Button as /devices/LNXSYSTM:00/LNXSLPBN:00/input/input1
[    0.582129] ACPI: Sleep Button [SLPF]
[    0.583831] ACPI: Battery Slot [BAT0] (battery present)
[    0.586064] virtio-pci 0000:00:03.0: virtio_pci: leaving for legacy driver
[    0.587417] Serial: 8250/16550 driver, 32 ports, IRQ sharing enabled
[    0.610974] 00:02: ttyS0 at I/O 0x3f8 (irq = 4, base_baud = 115200) is a 16550A
[    0.616330] Linux agpgart interface v0.103
[    0.633127] loop: module loaded
[    0.634462] scsi host0: ata_piix
[    0.635292] scsi host1: ata_piix
[    0.692100] ata1: PATA max UDMA/33 cmd 0x1f0 ctl 0x3f6 bmdma 0xd000 irq 14
[    0.732176] ata2: PATA max UDMA/33 cmd 0x170 ctl 0x376 bmdma 0xd008 irq 15
[    0.733562] libphy: Fixed MDIO Bus: probed
[    0.734236] tun: Universal TUN/TAP device driver, 1.6
[    0.735288] PPP generic driver version 2.4.2
[    0.736038] ehci_hcd: USB 2.0 'Enhanced' Host Controller (EHCI) Driver
[    0.737108] ehci-pci: EHCI PCI platform driver
[    0.737869] ehci-platform: EHCI generic platform driver
[    0.738696] ohci_hcd: USB 1.1 'Open' Host Controller (OHCI) Driver
[    0.739649] ohci-pci: OHCI PCI platform driver
[    0.740402] ohci-platform: OHCI generic platform driver
[    0.741256] uhci_hcd: USB Universal Host Controller Interface driver
[    0.742311] i8042: PNP: PS/2 Controller [PNP0303:PS2K,PNP0f03:PS2M] at 0x60,0x64 irq 1,12
[    0.744040] serio: i8042 KBD port at 0x60,0x64 irq 1
[    0.751439] serio: i8042 AUX port at 0x60,0x64 irq 12
[    0.752334] mousedev: PS/2 mouse device common for all mice
[    0.753419] input: AT Translated Set 2 keyboard as /devices/platform/i8042/serio0/input/input2
[    0.755106] rtc_cmos rtc_cmos: rtc core: registered rtc_cmos as rtc0
[    0.756165] rtc_cmos rtc_cmos: alarms up to one day, 114 bytes nvram
[    0.757153] i2c /dev entries driver
[    0.757782] device-mapper: uevent: version 1.0.3
[    0.758577] device-mapper: ioctl: 4.37.0-ioctl (2017-09-20) initialised: dm-devel@redhat.com
[    0.759887] ledtrig-cpu: registered to indicate activity on CPUs
[    0.762330] intel_pmc_core:  initialized
[    0.764236] NET: Registered protocol family 10
[    0.767802] Segment Routing with IPv6
[    0.768496] NET: Registered protocol family 17
[    0.769250] Key type dns_resolver registered
[    0.770034] RAS: Correctable Errors collector initialized.
[    0.770924] sched_clock: Marking stable (768467241, 0)->(1287863230, -519395989)
[    0.772277] registered taskstats version 1
[    0.772963] Loading compiled-in X.509 certificates
[    0.775656] Loaded X.509 cert 'Build time autogenerated kernel key: c1fa4cde9d34780ae4ae655b856adc042b663c06'
[    0.777299] zswap: loaded using pool lzo/zbud
[    0.780627] Key type big_key registered
[    0.781313] Key type trusted registered
[    0.783289] Key type encrypted registered
[    0.811572] AppArmor: AppArmor sha1 policy hashing enabled
[    0.842147] ima: No TPM chip found, activating TPM-bypass! (rc=-19)
[    0.843120] ima: Allocated hash algorithm: sha1
[    0.843860] evm: HMAC attrs: 0x1
[    0.844669]   Magic number: 7:685:826
[    0.845344] rtc_cmos rtc_cmos: setting system clock to 2019-06-14 08:48:06 UTC (1560502086)
[    0.846703] BIOS EDD facility v0.16 2004-Jun-25, 0 devices found
[    0.847631] EDD information not available.
[    0.894994] Freeing unused kernel image memory: 2408K
[    0.940212] Write protecting the kernel read-only data: 20480k
[    1.002359] Freeing unused kernel image memory: 2008K
[    1.003497] Freeing unused kernel image memory: 1872K
[    1.010308] x86/mm: Checked W+X mappings: passed, no W+X pages found.
[    1.032326] x86/mm: Checking user space page tables
[    1.039027] x86/mm: Checked W+X mappings: passed, no W+X pages found.
Loading, please wait...
starting version 237
[    1.140513] e1000: Intel(R) PRO/1000 Network Driver - version 7.3.21-k8-NAPI
[    1.162607] e1000: Copyright (c) 1999-2006 Intel Corporation.
[    1.167757] Fusion MPT base driver 3.04.20
[    1.168494] Copyright (c) 1999-2008 LSI Corporation
[    1.190117] Fusion MPT SPI Host driver 3.04.20
[    1.230758] AVX2 version of gcm_enc/dec engaged.
[    1.272354] AES CTR mode by8 optimization enabled
[    1.290192] virtio_net virtio0 enp0s3: renamed from eth0
[    1.378803] input: ImExPS/2 Generic Explorer Mouse as /devices/platform/i8042/serio1/input/input4
[    1.660179] e1000 0000:00:08.0 eth0: (PCI:33MHz:32-bit) 08:00:27:e6:de:5a
[    1.661509] e1000 0000:00:08.0 eth0: Intel(R) PRO/1000 Network Connection
[    1.664432] e1000 0000:00:08.0 enp0s8: renamed from eth0
[    1.667080] mptbase: ioc0: Initiating bringup
[    1.816962] ioc0: LSI53C1030 A0: Capabilities={Initiator}
[    2.064507] scsi host2: ioc0: LSI53C1030 A0, FwRev=00000000h, Ports=1, MaxQ=256, IRQ=20
[    2.237249] scsi 2:0:0:0: Direct-Access     VBOX     HARDDISK         1.0  PQ: 0 ANSI: 5
[    2.243344] scsi target2:0:0: Beginning Domain Validation
[    2.249684] scsi target2:0:0: Domain Validation skipping write tests
[    2.253961] scsi target2:0:0: Ending Domain Validation
[    2.257548] random: fast init done
[    2.259874] scsi target2:0:0: asynchronous
[    2.264179] scsi 2:0:1:0: Direct-Access     VBOX     HARDDISK         1.0  PQ: 0 ANSI: 5
[    2.268757] scsi target2:0:1: Beginning Domain Validation
[    2.272786] scsi target2:0:1: Domain Validation skipping write tests
[    2.274790] scsi target2:0:1: Ending Domain Validation
[    2.276498] scsi target2:0:1: asynchronous
[    2.281899] random: systemd-udevd: uninitialized urandom read (16 bytes read)
[    2.303662] sd 2:0:0:0: Attached scsi generic sg0 type 0
[    2.305005] sd 2:0:0:0: [sda] 20971520 512-byte logical blocks: (10.7 GB/10.0 GiB)
[    2.306518] sd 2:0:0:0: [sda] Write Protect is off
[    2.307607] sd 2:0:0:0: [sda] Incomplete mode parameter data
[    2.308698] sd 2:0:0:0: [sda] Assuming drive cache: write through
[    2.311019] sd 2:0:1:0: Attached scsi generic sg1 type 0
[    2.313296] sd 2:0:1:0: [sdb] 20480 512-byte logical blocks: (10.5 MB/10.0 MiB)
[    2.314791] sd 2:0:1:0: [sdb] Write Protect is off
[    2.315876] sd 2:0:1:0: [sdb] Incomplete mode parameter data
[    2.316940] sd 2:0:1:0: [sdb] Assuming drive cache: write through
[    2.318834] random: systemd-udevd: uninitialized urandom read (16 bytes read)
[    2.320327] random: systemd-udevd: uninitialized urandom read (16 bytes read)
[    2.328069]  sda: sda1
[    2.334089] sd 2:0:1:0: [sdb] Attached SCSI disk
[    2.335298] sd 2:0:0:0: [sda] Attached SCSI disk
Begin: Loading essential drivers ... [    3.784149] raid6: sse2x1   gen()  8688 MB/s
[    3.883575] raid6: sse2x1   xor()  7556 MB/s
[    3.943623] raid6: sse2x2   gen() 11328 MB/s
[    4.003621] raid6: sse2x2   xor()  8987 MB/s
[    4.063670] raid6: sse2x4   gen() 15488 MB/s
[    4.123710] raid6: sse2x4   xor()  9229 MB/s
[    4.183767] raid6: avx2x1   gen() 21748 MB/s
[    4.243801] raid6: avx2x1   xor() 15438 MB/s
[    4.303848] raid6: avx2x2   gen() 25836 MB/s
[    4.363886] raid6: avx2x2   xor() 16813 MB/s
[    4.443964] raid6: avx2x4   gen() 29203 MB/s
[    4.564048] raid6: avx2x4   xor() 18088 MB/s
[    4.814501] raid6: using algorithm avx2x4 gen() 29203 MB/s
[    4.945054] raid6: .... xor() 18088 MB/s, rmw enabled
[    4.945859] raid6: using avx2x2 recovery algorithm
[    4.948766] xor: automatically using best checksumming function   avx       
[    4.951879] async_tx: api initialized (async)
done.
Begin: Running /scripts/init-premount ... done.
Begin: Mounting root file system ... Begin: Running /scripts/local-top ... done.
Begin: Running /scripts/local-premount ... [    5.022676] Btrfs loaded, crc32c=crc32c-intel
Scanning for Btrfs filesystems
done.
Warning: fsck not present, so sk[    5.073319] EXT4-fs (sda1): mounted filesystem with ordered data mode. Opts: (null)
ipping root file system
done.
Begin: Running /scripts/local-bottom ... done.
Begin: Running /scripts/init-bottom ... done.
[    5.241531] ip_tables: (C) 2000-2006 Netfilter Core Team
[    5.250562] systemd[1]: systemd 237 running in system mode. (+PAM +AUDIT +SELINUX +IMA +APPARMOR +SMACK +SYSVINIT +UTMP +LIBCRYPTSETUP +GCRYPT +GNUTLS +ACL +XZ +LZ4 +SECCOMP +BLKID +ELFUTILS +KMOD -IDN2 +IDN -PCRE2 default-hierarchy=hybrid)
[    5.255665] systemd[1]: Detected virtualization oracle.
[    5.256977] systemd[1]: Detected architecture x86-64.

Welcome to [1mUbuntu 18.04.2 LTS[0m!

[    5.267096] systemd[1]: Set hostname to <ubuntu>.
[    5.270468] systemd[1]: Initializing machine ID from random generator.
[    5.271812] systemd[1]: Installed transient /etc/machine-id file.
[    5.472655] systemd[1]: Reached target Swap.
[[0;32m  OK  [0m] Reached target Swap.
[    5.474597] systemd[1]: Reached target User and Group Name Lookups.
[[0;32m  OK  [0m] Reached target User and Group Name Lookups.
[    5.480116] systemd[1]: Created slice User and Session Slice.
[[0;32m  OK  [0m] Created slice User and Session Slice.
[    5.482290] systemd[1]: Started Forward Password Requests to Wall Directory Watch.
[[0;32m  OK  [0m] Started Forward Password Requests to Wall Directory Watch.
[[0;32m  OK  [0m] Reached target System Time Synchronized.
[[0;32m  OK  [0m] Created slice System Slice.
[[0;32m  OK  [0m] Listening on Journal Socket (/dev/log).
[[0;32m  OK  [0m] Listening on Network Service Netlink Socket.
[[0;32m  OK  [0m] Listening on udev Control Socket.
[[0;32m  OK  [0m] Created slice system-serial\x2dgetty.slice.
[[0;32m  OK  [0m] Listening on udev Kernel Socket.
[[0;32m  OK  [0m] Listening on Journal Audit Socket.
[[0;32m  OK  [0m] Listening on Journal Socket.
         Starting Uncomplicated firewall...
         Mounting Huge Pages File System...
[[0;32m  OK  [0m] Listening on LVM2 poll daemon socket.
         Mounting Kernel Debug File System...
         Starting Load Kernel Modules...
         Mounting POSIX Message Queue File System...
[[0;32m  OK  [0[    5.559502] Loading iSCSI transport class v2.0-870.
m] Listening on Device-mapper event daemon FIFOs.
         Starting udev Coldplug all Devices...
         Starting Create list of required stâ€¦ce nodes for the current kernel...
[[0;32m  OK  [0m] Listening on Syslog Socket.
         Starting Journal Service...
[[0;32m  OK  [0m] Listening on LVM2 metadata daemon socket.
         [    5.821944] iscsi: registered transport (tcp)
Starting Monitoring of LVM2 mirrorsâ€¦ng dmeventd or progress polling...
[[0;32m  OK  [0m] Reached target Slices.
[[0;32m  OK  [0m] Listening on /dev/initctl Compat[    5.846420] iscsi: registered transport (iser)
ibility Named Pipe.
         Starting Remount Root and Kernel File Systems...
         Starting Set the console keyboard layout...
[[0;32m  OK  [0m] Set up automount Arbitrary Executabâ€¦rmats File System Automount Point.
[[0;32m  OK  [0m] Started Journal Service.
[[0;32m  OK  [0m] Started Uncomplicated firewall.
[[0;32m  OK  [0m] Mounted Huge Pages File System.
[[0;32m  OK  [0m] Mounted Kernel Debug File System.
[    5.953654] EXT4-fs (sda1): re-mounted. Opts: (null)
[[0;32m  OK  [0m] Started Load Kernel Modules.
[[0;32m  OK  [0m] Mounted POSIX Message Queue File System.
[[0;32m  OK  [0m] Started Create list of required staâ€¦vice nodes for the current kernel.
[[0;32m  OK  [0m] Started Remount Root and Kernel File Systems.
[[0;32m  OK  [0m] Started LVM2 metadata daemon.
         Starting Load/Save Random Seed...
         Starting Create Static Device Nodes in /dev...
         Starting Apply Kernel Variables...
         Mounting FUSE Control File System...
         Mounting Kernel Configuration File System...
         Starting Flush Journal to Persistent Storage...
[[0;32m  OK  [0m] Mounted FUSE Control File System.
[[0;32m  OK  [0m] Mounted Kernel Configuration File System.
[[0;32m  OK  [0m] Started udev Coldplug all Devices.
[[0;32m  OK  [0m] Started Create Static Device Nodes in /dev.
         Starting udev Kernel Device Manager...
[[0;32m  OK  [0m] Started Load/Save Random Seed.
[[0;32m  OK  [0m] Started Apply Kernel Variables.
[[0;32m  OK  [0m] Started udev Kernel Device Manager.
[[0;32m  OK  [0m] Started Monitoring of LVM2 mirrors,â€¦sing dmeventd or progress polling.
[[0;32m  OK  [0m] Started Flush Journal to Persistent Storage.
[[0;32m  OK  [0m] Started Set the console keyboard layout.
[[0;32m  OK  [0m] Reached target Local File Systems (Pre).
[[0;32m  OK  [0m] Reached target Local File Systems.
         Starting Create Volatile Files and Directories...
         Starting Set console font and keymap...
         Starting Commit a transient machine-id on disk...
         Starting ebtables ruleset management...
         Starting Tell Plymouth To Write Out Runtime Data...
         Starting AppArmor initialization...
[[0;32m  OK  [0m] Started Dispatch Password Requests to Console Directory Watch.
[[0;32m  OK  [0m] Reached target Local Encrypted Volumes.
[[0;32m  OK  [0m] Started Set console font and keymap.
[[0;32m  OK  [0m] Started Tell Plymouth To Write Out Runtime Data.
[[0;32m  OK  [0m] Started Commit a transient machine-id on disk.
[[0;32m  OK  [0m] Started Create Volatile Files and Directories.
         Starting Update UTMP about System Boot/Shutdown...
[[0;32m  OK  [0m] Started Update UTMP about System Boot/Shutdown.
[[0;32m  OK  [0m] Started ebtables ruleset management.
[[0;32m  OK  [0m] Found device /dev/ttyS0.
[[0;32m  OK  [0m] Listening on Load/Save RF Kill Switch Status /dev/rfkill Watch.
[[0;32m  OK  [0m] Started AppArmor initialization.
         Starting Initial cloud-init job (pre-networking)...
[    8.826177] cloud-init[534]: Cloud-init v. 19.1-1-gbaa47854-0ubuntu1~18.04.1 running 'init-local' at Fri, 14 Jun 2019 08:48:14 +0000. Up 8.48 seconds.
[[0;32m  OK  [0m] Started Initial cloud-init job (pre-networking).
[[0;32m  OK  [0m] Reached target Network (Pre).
         Starting Network Service...
[[0;32m  OK  [0m] Started Network Service.
         Starting Wait for Network to be Configured...
         Starting Network Name Resolution...
[[0;32m  OK  [0m] Started Network Name Resolution.
[[0;32m  OK  [0m] Reached target Network.
[[0;32m  OK  [0m] Reached target Host and Network Name Lookups.
[[0;32m  OK  [0m] Started Wait for Network to be Configured.
         Starting Initial cloud-init job (metadata service crawler)...
[   11.206126] cloud-init[639]: Cloud-init v. 19.1-1-gbaa47854-0ubuntu1~18.04.1 running 'init' at Fri, 14 Jun 2019 08:48:16 +0000. Up 11.06 seconds.
[   11.219567] cloud-init[639]: ci-info: ++++++++++++++++++++++++++++++++++++++Net device info++++++++++++++++++++++++++++++++++++++
[   11.296257] cloud-init[639]: ci-info: +--------+-------+---------------------------+---------------+--------+-------------------+
[   11.352495] cloud-init[639]: ci-info: | Device |   Up  |          Address          |      Mask     | Scope  |     Hw-Address    |
[   11.354449] cloud-init[639]: ci-info: +--------+-------+---------------------------+---------------+--------+-------------------+
[   11.358452] cloud-init[639]: ci-info: | enp0s3 |  True |         10.0.2.15         | 255.255.255.0 | global | 02:44:a0:33:03:e1 |
[   11.361122] cloud-init[639]: ci-info: | enp0s3 |  True | fe80::44:a0ff:fe33:3e1/64 |       .       |  link  | 02:44:a0:33:03:e1 |
[   11.362828] cloud-init[639]: ci-info: | enp0s8 | False |             .             |       .       |   .    | 08:00:27:e6:de:5a |
[   11.368239] cloud-init[639]: ci-info: |   lo   |  True |         127.0.0.1         |   255.0.0.0   |  host  |         .         |
[   11.393266] cloud-init[639]: ci-info: |   lo   |  True |          ::1/128          |       .       |  host  |         .         |
[   11.394882] cloud-init[639]: ci-info: +--------+-------+---------------------------+---------------+--------+-------------------+
[   11.396720] cloud-init[639]: ci-info: ++++++++++++++++++++++++++++Route IPv4 info+++++++++++++++++++++++++++++
[   11.398539] cloud-init[639]: ci-info: +-------+-------------+----------+-----------------+-----------+-------+
[   11.400523] cloud-init[639]: ci-info: | Route | Destination | Gateway  |     Genmask     | Interface | Flags |
[   11.402563] cloud-init[639]: ci-info: +-------+-------------+----------+-----------------+-----------+-------+
[   11.404574] cloud-init[639]: ci-info: |   0   |   0.0.0.0   | 10.0.2.2 |     0.0.0.0     |   enp0s3  |   UG  |
[   11.406537] cloud-init[639]: ci-info: |   1   |   10.0.2.0  | 0.0.0.0  |  255.255.255.0  |   enp0s3  |   U   |
[   11.408652] cloud-init[639]: ci-info: |   2   |   10.0.2.2  | 0.0.0.0  | 255.255.255.255 |   enp0s3  |   UH  |
[   11.410655] cloud-init[639]: ci-info: +-------+-------------+----------+-----------------+-----------+-------+
[   11.412593] cloud-init[639]: ci-info: +++++++++++++++++++Route IPv6 info+++++++++++++++++++
[   11.414446] cloud-init[639]: ci-info: +-------+-------------+---------+-----------+-------+
[   11.416242] cloud-init[639]: ci-info: | Route | Destination | Gateway | Interface | Flags |
[   11.418107] cloud-init[639]: ci-info: +-------+-------------+---------+-----------+-------+
[   11.420237] cloud-init[639]: ci-info: |   1   |  fe80::/64  |    ::   |   enp0s3  |   U   |
[   11.426284] cloud-init[639]: ci-info: |   3   |    local    |    ::   |   enp0s3  |   U   |
[   11.429072] cloud-init[639]: ci-info: |   4   |   ff00::/8  |    ::   |   enp0s3  |   U   |
[   11.432115] cloud-init[639]: ci-info: +-------+-------------+---------+-----------+-------+
[   12.080372] cloud-init[639]: Generating public/private rsa key pair.
[   12.090198] cloud-init[639]: Your identification has been saved in /etc/ssh/ssh_host_rsa_key.
[   12.091538] cloud-init[639]: Your public key has been saved in /etc/ssh/ssh_host_rsa_key.pub.
[   12.092908] cloud-init[639]: The key fingerprint is:
[   12.096743] cloud-init[639]: SHA256:PUTcR3zBWgarCl01irdGzwsBkLcJFSXVlmD2d2/72uQ root@ubuntu-bionic
[   12.098212] cloud-init[639]: The key's randomart image is:
[   12.100421] cloud-init[639]: +---[RSA 2048]----+
[   12.104530] cloud-init[639]: |       .+*=Bo*=..|
[   12.105886] cloud-init[639]: |       o oB =+=+.|
[   12.108243] cloud-init[639]: |        o.+*.++o.|
[   12.112760] cloud-init[639]: |        .=+ *.. o|
[   12.114241] cloud-init[639]: |       .S.o= o  o|
[   12.116610] cloud-init[639]: |        . o.. ...|
[   12.117972] cloud-init[639]: |         .   . ..|
[   12.129660] cloud-init[639]: |               +.|
[   12.168746] cloud-init[639]: |              ..E|
[   12.171880] [[0;32m  OK  [0m] Started Initial cloud-init job (metadata service crawler).
[[0;32m  OK  [0m] Reached target Network is Online.
cloud-init[639]: +----[SHA256]-----+
         Starting Availability of block devices...
[   12.194803] cloud-init[639]: Generating public/private dsa key pair.
[[0;32m  OK  [0m] Reached target Remote File Systems (Pre).
[[0;32m  OK  [0m] Reached target Remote File Systems.
[[0;32m  OK  [0m] Reached target Cloud-config availability.
[[0;32m  OK  [0m] Reached target System Initialization.
[[0;32m  OK  [0m] Listening on ACPID Listen Socket.
[   12.214161] cloud-init[639]: Your identification has been saved in /etc/ssh/ssh_host_dsa_key.
[[0;32m  OK  [0m] Listening on Open-iSCSI iscsid Socket.
[   12.217343] cloud-init[639]: Your public key has been saved in /etc/ssh/ssh_host_dsa_key.pub.
[[0;32m  OK  [0m] Listening on D-Bus System Message Bus Socket.
[   12.220211] cloud-init[639]: [[0;32m  OK  [0m] Started ACPI Events Check.
[[0;32m  OK  [0m] Reached target Paths.
[[0;32m  OK  [0m] Listening on UUID daemon activation socket.
[[0;32m  OK  [0m] Started Daily Cleanup of Temporary Directories.
[[0;32m  OK  [0m] Started Discard unused blocks once a week.
         Starting Socket activation for snappy daemon.
The key fingerprint is:
[   12.227580] cloud-init[639]: SHA256:OPDcEJ8Lg7woHc+SyneWZiPwBer7zECWKMrSyQCUkvg root@ubuntu-bionic
[   12.229164] cloud-init[639]: The key's randomart image is:
[   12.230454] cloud-init[639]: +---[DSA 1024]----+
[   12.231656] cloud-init[639]: |.o.   .          |
         Starting LXD - unix socket.
[[0;32m  OK  [0m] Started Daily apt download activities.
[[0;32m  OK  [0m] Started Daily apt upgrade and clean activities.
[[0;32m  OK  [0m] Started Message of the Day.
[[0;32m  OK  [0m] Reached target Timers.
[   12.243649] cloud-init[639]: |=. . . o .       |
[   12.269093] cloud-init[639]: |o...+ + o        |
[[0;32m  OK  [0m] Started Availability of block devices.
[[0;32m  OK  [0m] Listening on Socket activation for snappy daemon.[   12.271340] cloud-init[639]: |o.E*.= * .       |
[   12.281520] cloud-init[639]: |=*= +.= S        |
[   12.281852] cloud-init[639]: |O*oo. ..         |
[   12.281913] cloud-init[639]: |+=++ B           |
[   12.281979] cloud-init[639]: |. * * .          |
[   12.282032] cloud-init[639]: | ..+             |
[   12.282083] cloud-init[639]: +----[SHA256]-----+
[   12.282139] cloud-init[639]: Generating public/private ecdsa key pair.
[   12.282204] cloud-init[639]: Your identification has been saved in /etc/ssh/ssh_host_ecdsa_key.
[   12.282264] cloud-init[639]: Your public key has been saved in /etc/ssh/ssh_host_ecdsa_key.pub.
[   12.282319] cloud-init[639]: The key fingerprint is:
[   12.282376] cloud-init[639]: SHA256:umDfZUvCfTnS0CCubjEgUAzqAfDZ+sx8U2gG2y5LSQ0 root@ubuntu-bionic
[   12.282435] cloud-init[639]: The key's randomart image is:
[   12.282492] cloud-init[639]: +---[ECDSA 256]---+
[   12.282559] cloud-init[639]: |=+.              |
[   12.282627] cloud-init[639]: |+..o             |
[   12.282692] cloud-init[639]: |.oo E   . .      |
[   12.282765] cloud-init[639]: |. o..* o . o     |
[   12.282834] cloud-init[639]: | ...o.* S . .    |
[   12.282901] cloud-init[639]: |   * =o= . o .   |
[   12.282961] cloud-init[639]: |    @ *oo * =    |
[   12.283034] cloud-init[639]: |   o B.+ = + .   |
[   12.283102] cloud-init[639]: |    ..+ . .      |
[   12.283171] cloud-init[639]: +----[SHA256]-----+
[   12.283233] cloud-init[639]: Generating public/private ed25519 key pair.
[   12.283302] cloud-init[639]: Your identification has been saved in /etc/ssh/ssh_host_ed25519_key.
[   12.283377] cloud-init[639]: Your public key has been saved in /etc/ssh/ssh_host_ed25519_key.pub.
[   12.283434] cloud-init[639]: The key fingerprint is:
[   12.283495] cloud-init[639]: SHA256:TGzzF8EC+2ryqVUC9bYMUMCM6j4NYD2fscbwP8s8K6I root@ubuntu-bionic
[   12.283556] cloud-init[639]: The key's randomart image is:
[   12.283617] cloud-init[639]: +--[ED25519 256]--+
[   12.283686] cloud-init[639]: |     +oo+. ..    |
[   12.283754] cloud-init[639]: |    . o+ o. ..   |
[   12.283818] cloud-init[639]: |  ..  . B o..    |
[   12.283887] cloud-init[639]: |...+ . = B . .   |
[   12.283952] cloud-init[639]: |.o  * + S * .    |

[[0;32m  OK  [0m] Listening on LXD - unix socket.
[[0;32m  OK  [0m] Reached target Sockets.
[[0;32m  OK  [0m] Reached target Basic System.
[   12.288813] cloud-init[639]: |  o  B   + .     |
         [   12.393189] cloud-init[639]: | . o. o +        |
[   12.393244] cloud-init[639]: |  o...oO .       |
[   12.393584] cloud-init[639]: | E... o*B        |
[   12.393631] cloud-init[639]: +----[SHA256]-----+
Starting Virtualbox guest utils...
         Starting System Logging Service...
[[0;32m  OK  [0m] Started Regular background program processing daemon.
         Starting Pollinate to seed the pseudo random number generator...
[[0;32m  OK  [0m] Started D-Bus System Message Bus.
         Starting Login Service...
         Starting LSB: Record successful boot for GRUB...
         Starting Dispatcher daemon for systemd-networkd...
[[0;32m  OK  [0m] Started FUSE filesystem for LXC.
[[0;32m  OK  [0m] Started irqbalance daemon.
[[0;32m  OK  [0m] Started Deferred execution scheduler.
         Starting Accounts Service...
         Starting LSB: automatic crash report generation...
         Starting Permit User Sessions...
         Starting LXD - container startup/shutdown...
         Starting Snappy daemon...
[[0;32m  OK  [0m] Started System Logging Service.
[[0;32m  OK  [0m] Started Permit User Sessions.
[[0;32m  OK  [0m] Started Login Service.
         Starting Authorization Manager...
[[0;32m  OK  [0m] Started Unattended Upgrades Shutdown.
         Starting Terminate Plymouth Boot Screen...
         Starting Hold until boot process finishes up...
[[0;32m  OK  [0m] Started Terminate Plymouth Boot Screen.
[[0;32m  OK  [0m] Started Hold until boot process finishes up.
         Starting Set console scheme...
[[0;32m  OK  [0m] Started Serial Getty on ttyS0.
[[0;32m  OK  [0m] Started LSB: automatic crash report generation.
[[0;32m  OK  [0m] Started Set console scheme.
[[0;32m  OK  [0m] Started LSB: Record successful boot for GRUB.
[[0;32m  OK  [0m] Created slice system-getty.slice.
[[0;32m  OK  [0m] Started Getty on tty1.
[[0;32m  OK  [0m] Reached target Login Prompts.
[[0;32m  OK  [0m] Started LXD - container startup/shutdown.
[[0;32m  OK  [0m] Started Authorization Manager.
[[0;32m  OK  [0m] Started Accounts Service.
[[0;32m  OK  [0m] Started Virtualbox guest utils.
[[0;32m  OK  [0m] Started Dispatcher daemon for systemd-networkd.
[[0;32m  OK  [0m] Started Snappy daemon.
         Starting Wait until snapd is fully seeded...
[[0;32m  OK  [0m] Started Pollinate to seed the pseudo random number generator.
         Starting OpenBSD Secure Shell server...
[[0;32m  OK  [0m] Started OpenBSD Secure Shell server.
[[0;32m  OK  [0m] Created slice User Slice of vagrant.
         Starting User Manager for UID 1000...
[[0;32m  OK  [0m] Started Session 1 of user vagrant.
[[0;32m  OK  [0m] Started User Manager for UID 1000.
[[0;32m  OK  [0m] Started Wait until snapd is fully seeded.
[[0;32m  OK  [0m] Reached target Multi-User System.
[[0;32m  OK  [0m] Reached target Graphical Interface.
         Starting Update UTMP about System Runlevel Changes...
         Starting Apply the settings specified in cloud-config...
[   19.131862] cloud-init[1282]: Cloud-init v. 19.1-1-gbaa47854-0ubuntu1~18.04.1 running 'modules:config' at Fri, 14 Jun 2019 08:48:24 +0000. Up 18.72 seconds.

Ubuntu 18.04.2 LTS ubuntu-bionic ttyS0

ubuntu-bionic login: ci-info: no authorized ssh keys fingerprints found for user ubuntu.
<14>Jun 14 08:48:25 ec2: 
<14>Jun 14 08:48:25 ec2: #############################################################
<14>Jun 14 08:48:25 ec2: -----BEGIN SSH HOST KEY FINGERPRINTS-----
<14>Jun 14 08:48:25 ec2: 1024 SHA256:OPDcEJ8Lg7woHc+SyneWZiPwBer7zECWKMrSyQCUkvg root@ubuntu-bionic (DSA)
<14>Jun 14 08:48:25 ec2: 256 SHA256:umDfZUvCfTnS0CCubjEgUAzqAfDZ+sx8U2gG2y5LSQ0 root@ubuntu-bionic (ECDSA)
<14>Jun 14 08:48:25 ec2: 256 SHA256:TGzzF8EC+2ryqVUC9bYMUMCM6j4NYD2fscbwP8s8K6I root@ubuntu-bionic (ED25519)
<14>Jun 14 08:48:25 ec2: 2048 SHA256:PUTcR3zBWgarCl01irdGzwsBkLcJFSXVlmD2d2/72uQ root@ubuntu-bionic (RSA)
<14>Jun 14 08:48:25 ec2: -----END SSH HOST KEY FINGERPRINTS-----
<14>Jun 14 08:48:25 ec2: #############################################################
-----BEGIN SSH HOST KEY KEYS-----
ecdsa-sha2-nistp256 AAAAE2VjZHNhLXNoYTItbmlzdHAyNTYAAAAIbmlzdHAyNTYAAABBBP6ITFVdcB4NmDu0G8Vlk6U5hUj7yrn3FHR5rCdYHjLyrNyXRNQoACUXExJDpbHS+k6px8sabjQy6mwSjrpAWW0= root@ubuntu-bionic
ssh-ed25519 AAAAC3NzaC1lZDI1NTE5AAAAIKEC5DUqq3mnzOP19sjjaFoGP/MKAEA2TZN8nBGE4jrN root@ubuntu-bionic
ssh-rsa AAAAB3NzaC1yc2EAAAADAQABAAABAQDLWyF2MdnK/DuO1i2j7JvM3u8TuFC/aUXEAKSnV6T1ZATM7ngIMe0SKCU8BaOjU/Flap0EeFinI0wItfZgXOdv+OWRQ2goG9yGgqzpEBh3Uun9SaJmzHHU0Qgmd3KMMD3+Wlw3g8LWwnXgqIV/RxwHwccAMi2LMp90+OdSHIOfM8tqLD/YahOWDKjFZ2fNchLjlnpYjyvIkTxtm212j/1k9zT7k5O2SCAOBg4Cm71O3L0zQAGB8y67u1ml0uuGc/pl6IKJnztrishV2OJBFZl19qe1/TsxYNSEUJjw7+7DMv5ClH9x7xYw4/wPS4/xD/gdlRFURbv+lvJjJLzNP/LT root@ubuntu-bionic
-----END SSH HOST KEY KEYS-----
[   20.119994] cloud-init[1375]: Cloud-init v. 19.1-1-gbaa47854-0ubuntu1~18.04.1 running 'modules:final' at Fri, 14 Jun 2019 08:48:25 +0000. Up 19.85 seconds.
[   20.120083] cloud-init[1375]: ci-info: no authorized ssh keys fingerprints found for user ubuntu.
[   20.120128] cloud-init[1375]: Cloud-init v. 19.1-1-gbaa47854-0ubuntu1~18.04.1 finished at Fri, 14 Jun 2019 08:48:25 +0000. Datasource DataSourceNoCloud [seed=/dev/sdb][dsmode=net].  Up 20.10 seconds
